<<<<<<< HEAD
<<<<<<< HEAD
<<<<<<< HEAD
<<<<<<< HEAD
189200
=======
191908
>>>>>>> main
=======
192320
>>>>>>> main
=======
192364
>>>>>>> main
=======
190089
>>>>>>> main
