<<<<<<< HEAD
<<<<<<< HEAD
<<<<<<< HEAD
<<<<<<< HEAD
<<<<<<< HEAD
<<<<<<< HEAD
179745
=======
181653
>>>>>>> main
=======
181342
>>>>>>> main
=======
181618
>>>>>>> main
=======
181662
>>>>>>> main
=======
181746
>>>>>>> main
=======
179387
>>>>>>> main
